02:48:12 200
02:48:13 200
02:48:14 200
02:48:15 200
02:48:16 200
02:48:17 200
02:48:18 200
02:48:19 200
02:48:20 200
02:48:21 200
02:48:22 200
02:48:23 200
02:48:24 200
02:48:25 200
02:48:26 200
02:48:27 200
02:48:28 200
02:48:29 200
02:48:30 200
02:48:31 200
02:48:32 200
02:48:33 200
02:48:34 200
02:48:35 200
02:48:36 200
02:48:37 200
02:48:39 200
02:48:40 200
02:48:41 200
02:48:42 200
02:48:43 200
02:48:44 200
02:48:45 200
02:48:46 200
02:48:47 200
02:48:48 200
02:48:49 200
02:48:50 200
02:48:51 200
02:48:52 200
02:48:53 200
02:48:54 200
02:48:55 200
02:48:56 200
02:48:57 200
02:48:58 200
02:48:59 200
02:49:00 200
02:49:01 200
02:49:02 200
02:49:03 200
02:49:04 200
02:49:05 200
02:49:06 200
02:49:07 200
02:49:08 200
02:49:09 200
02:49:10 200
02:49:11 200
02:49:12 200
02:49:13 200
02:49:14 200
02:49:15 200
02:49:16 200
02:49:17 200
02:49:18 200
02:49:19 200
02:49:20 200
02:49:21 200
02:49:22 200
02:49:23 200
02:49:24 200
02:49:25 200
02:49:26 200
02:49:27 200
02:49:28 200
02:49:29 200
02:49:30 200
02:49:31 200
02:49:32 200
02:49:33 200
02:49:34 200
02:49:35 200
02:49:36 200
02:49:37 200
02:49:38 200
02:49:39 200
02:49:40 200
02:49:41 200
02:49:42 200
02:49:43 200
02:49:44 200
02:49:45 200
02:49:46 200
02:49:47 200
02:49:48 200
02:49:50 200
02:49:51 200
02:49:52 200
02:49:53 200
02:49:54 200
02:49:55 200
02:49:56 200
02:49:57 200
02:49:58 200
02:49:59 200
02:50:00 200
02:50:01 200
02:50:02 200
02:50:03 200
02:50:04 200
02:50:05 200
02:50:06 200
02:50:07 200
02:50:08 200
02:50:09 200
02:50:10 200
02:50:11 200
02:50:12 200
02:50:13 200
02:50:14 200
02:50:15 200
02:50:16 200
02:50:17 200
02:50:18 200
