22:48:16 200
22:48:18 200
22:48:19 200
22:48:20 200
22:48:21 200
22:48:22 200
22:48:23 200
22:48:24 200
22:48:25 200
22:48:26 200
22:48:27 200
22:48:28 200
22:48:29 200
22:48:30 200
22:48:31 200
22:48:32 200
22:48:33 200
22:48:34 200
22:48:35 200
22:48:36 200
22:48:37 200
22:48:38 200
22:48:39 200
22:48:40 200
22:48:41 200
22:48:42 200
22:48:43 200
22:48:44 200
22:48:45 200
22:48:46 200
22:48:47 200
22:48:48 200
22:48:49 200
22:48:50 200
22:48:51 200
22:48:52 200
22:48:53 200
22:48:54 200
22:48:55 200
22:48:56 200
22:48:57 200
22:48:58 200
22:48:59 200
22:49:00 200
22:49:01 200
22:49:02 200
22:49:03 200
22:49:05 200
22:49:06 200
22:49:07 200
22:49:08 200
22:49:09 200
22:49:10 200
22:49:11 200
22:49:12 200
22:49:13 200
22:49:14 200
22:49:15 200
22:49:16 200
22:49:17 200
22:49:18 200
22:49:19 200
22:49:20 200
22:49:21 200
22:49:22 200
22:49:23 200
22:49:24 200
22:49:25 200
22:49:26 200
22:49:27 200
22:49:28 200
22:49:29 200
22:49:30 200
22:49:31 200
22:49:32 200
22:49:33 200
22:49:34 200
22:49:35 200
22:49:36 200
22:49:37 200
22:49:38 200
22:49:39 200
22:49:40 200
22:49:41 200
22:49:42 200
22:49:43 200
22:49:44 200
22:49:45 200
22:49:46 200
22:49:47 200
22:49:49 200
22:49:50 200
22:49:51 200
22:49:52 200
22:49:53 200
22:49:54 200
22:49:55 200
22:49:56 200
22:49:57 200
22:49:58 200
22:49:59 200
22:50:00 200
22:50:01 200
22:50:02 200
22:50:03 200
22:50:04 200
22:50:05 200
22:50:06 200
22:50:07 200
22:50:08 200
22:50:09 200
22:50:10 200
22:50:11 200
22:50:12 200
22:50:13 200
22:50:14 200
22:50:15 200
22:50:16 200
22:50:17 200
22:50:18 200
22:50:19 200
